
Allocating common symbols
Common symbol       size              file

width               0x4               gldebug.o
row_pointers        0x4               gldebug.o
color_type          0x1               gldebug.o
bit_depth           0x1               gldebug.o
height              0x4               gldebug.o
screen_ctx          0x4               main.o
number_of_passes    0x4               gldebug.o
egl_ctx             0x44              main.o

Discarded input sections

 .group         0x0000000000000000        0x8 /Developer/SDKs/qnx660/host/darwin/x86/usr/lib/gcc/i486-pc-nto-qnx6.6.0/4.7.3/crtbegin.o
 .group         0x0000000000000000        0x8 /Developer/SDKs/qnx660/host/darwin/x86/usr/lib/gcc/i486-pc-nto-qnx6.6.0/4.7.3/crtend.o
 .text.__x86.get_pc_thunk.bx
                0x0000000000000000        0x4 /Developer/SDKs/qnx660/host/darwin/x86/usr/lib/gcc/i486-pc-nto-qnx6.6.0/4.7.3/crtend.o

Memory Configuration

Name             Origin             Length             Attributes
*default*        0x0000000000000000 0xffffffffffffffff

Linker script and memory map

TARGET(elf32-i386)
LOAD /Developer/SDKs/qnx660/target/qnx6/x86/lib/crt1.o
LOAD /Developer/SDKs/qnx660/target/qnx6/x86/lib/crti.o
LOAD /Developer/SDKs/qnx660/host/darwin/x86/usr/lib/gcc/i486-pc-nto-qnx6.6.0/4.7.3/crtbegin.o
LOAD convert.o
LOAD egl.o
LOAD gldebug.o
LOAD main.o
LOAD win.o
LOAD yuvbuf.o
LOAD /Users/leoxu/stage/qnx660/mainline/x86/usr/lib/libscreen.so
LOAD /Users/leoxu/stage/qnx660/mainline/x86/usr/lib/libEGL.so
LOAD /Users/leoxu/stage/qnx660/mainline/x86/usr/lib/libGLESv2.so
LOAD /Users/leoxu/stage/qnx660/mainline/x86/usr/lib/libpng.so
LOAD /Developer/SDKs/qnx660/host/darwin/x86/usr/lib/gcc/i486-pc-nto-qnx6.6.0/4.7.3/libgcc.a
LOAD /Developer/SDKs/qnx660/target/qnx6/x86/lib/libc.so
LOAD /Developer/SDKs/qnx660/target/qnx6/x86/lib/libc.a
LOAD /Developer/SDKs/qnx660/host/darwin/x86/usr/lib/gcc/i486-pc-nto-qnx6.6.0/4.7.3/libgcc.a
LOAD /Developer/SDKs/qnx660/host/darwin/x86/usr/lib/gcc/i486-pc-nto-qnx6.6.0/4.7.3/crtend.o
LOAD /Developer/SDKs/qnx660/target/qnx6/x86/lib/crtn.o
                0x0000000008048000                PROVIDE (__executable_start, 0x8048000)
                0x0000000008048154                . = (0x8048000 + SIZEOF_HEADERS)

.interp         0x0000000008048154       0x14
 *(.interp)
 .interp        0x0000000008048154       0x14 /Developer/SDKs/qnx660/target/qnx6/x86/lib/crt1.o

.note           0x0000000008048168       0x18
 .note          0x0000000008048168       0x18 /Developer/SDKs/qnx660/target/qnx6/x86/lib/crtn.o

.note.gnu.build-id
                0x0000000008048180       0x20
 *(.note.gnu.build-id)
 .note.gnu.build-id
                0x0000000008048180       0x20 /Developer/SDKs/qnx660/target/qnx6/x86/lib/crt1.o

.hash
 *(.hash)

.gnu.hash       0x00000000080481a0       0x50
 *(.gnu.hash)
 .gnu.hash      0x00000000080481a0       0x50 /Developer/SDKs/qnx660/target/qnx6/x86/lib/crt1.o

.dynsym         0x00000000080481f0      0x5b0
 *(.dynsym)
 .dynsym        0x00000000080481f0      0x5b0 /Developer/SDKs/qnx660/target/qnx6/x86/lib/crt1.o

.dynstr         0x00000000080487a0      0x59b
 *(.dynstr)
 .dynstr        0x00000000080487a0      0x59b /Developer/SDKs/qnx660/target/qnx6/x86/lib/crt1.o

.gnu.version    0x0000000008048d3c        0x0
 *(.gnu.version)
 .gnu.version   0x0000000000000000        0x0 /Developer/SDKs/qnx660/target/qnx6/x86/lib/crt1.o

.gnu.version_d  0x0000000008048d3c        0x0
 *(.gnu.version_d)
 .gnu.version_d
                0x0000000000000000        0x0 /Developer/SDKs/qnx660/target/qnx6/x86/lib/crt1.o

.gnu.version_r  0x0000000008048d3c        0x0
 *(.gnu.version_r)
 .gnu.version_r
                0x0000000000000000        0x0 /Developer/SDKs/qnx660/target/qnx6/x86/lib/crt1.o

.rel.dyn        0x0000000008048d3c       0x48
 *(.rel.init)
 *(.rel.text .rel.text.* .rel.gnu.linkonce.t.*)
 .rel.text      0x0000000000000000        0x0 /Developer/SDKs/qnx660/target/qnx6/x86/lib/crt1.o
 *(.rel.fini)
 *(.rel.rodata .rel.rodata.* .rel.gnu.linkonce.r.*)
 *(.rel.data.rel.ro .rel.data.rel.ro.* .rel.gnu.linkonce.d.rel.ro.*)
 *(.rel.data .rel.data.* .rel.gnu.linkonce.d.*)
 *(.rel.tdata .rel.tdata.* .rel.gnu.linkonce.td.*)
 *(.rel.tbss .rel.tbss.* .rel.gnu.linkonce.tb.*)
 *(.rel.ctors)
 *(.rel.dtors)
 *(.rel.got)
 .rel.got       0x0000000008048d3c       0x30 /Developer/SDKs/qnx660/target/qnx6/x86/lib/crt1.o
 *(.rel.sdata .rel.sdata.* .rel.gnu.linkonce.s.*)
 *(.rel.sbss .rel.sbss.* .rel.gnu.linkonce.sb.*)
 *(.rel.sdata2 .rel.sdata2.* .rel.gnu.linkonce.s2.*)
 *(.rel.sbss2 .rel.sbss2.* .rel.gnu.linkonce.sb2.*)
 *(.rel.bss .rel.bss.* .rel.gnu.linkonce.b.*)
 .rel.bss       0x0000000008048d6c       0x18 /Developer/SDKs/qnx660/target/qnx6/x86/lib/crt1.o
                0x0000000008048d84                PROVIDE (__rel_iplt_start, .)
 *(.rel.iplt)
 .rel.iplt      0x0000000000000000        0x0 /Developer/SDKs/qnx660/target/qnx6/x86/lib/crt1.o
                0x0000000008048d84                PROVIDE (__rel_iplt_end, .)
                0x0000000008048d84                PROVIDE (__rela_iplt_start, .)
                0x0000000008048d84                PROVIDE (__rela_iplt_end, .)

.rel.plt        0x0000000008048d84      0x268
 *(.rel.plt)
 .rel.plt       0x0000000008048d84      0x268 /Developer/SDKs/qnx660/target/qnx6/x86/lib/crt1.o

.init           0x0000000008048fec        0xd
 *(SORT(.init))
 .init          0x0000000008048fec        0x0 /Developer/SDKs/qnx660/target/qnx6/x86/lib/crti.o
                0x0000000008048fec                _init
 .init          0x0000000008048fec        0x5 /Developer/SDKs/qnx660/host/darwin/x86/usr/lib/gcc/i486-pc-nto-qnx6.6.0/4.7.3/crtbegin.o
 .init          0x0000000008048ff1        0x5 /Developer/SDKs/qnx660/host/darwin/x86/usr/lib/gcc/i486-pc-nto-qnx6.6.0/4.7.3/crtend.o
 .init          0x0000000008048ff6        0x3 /Developer/SDKs/qnx660/target/qnx6/x86/lib/crtn.o

.plt            0x0000000008049000      0x4e0
 *(.plt)
 .plt           0x0000000008049000      0x4e0 /Developer/SDKs/qnx660/target/qnx6/x86/lib/crt1.o
                0x0000000008049010                png_init_io
                0x0000000008049020                glGenTextures
                0x0000000008049030                eglDestroySurface
                0x0000000008049040                glBindTexture
                0x0000000008049050                glEnable
                0x0000000008049070                png_create_write_struct
                0x0000000008049080                screen_set_window_property_iv
                0x0000000008049090                memset
                0x00000000080490a0                png_write_image
                0x00000000080490b0                screen_get_buffer_property_pv
                0x00000000080490c0                _init_array
                0x00000000080490d0                png_create_info_struct
                0x00000000080490e0                eglGetConfigAttrib
                0x00000000080490f0                png_write_info
                0x0000000008049100                malloc
                0x0000000008049110                png_set_bKGD
                0x0000000008049120                fflush
                0x0000000008049130                screen_get_event_property_iv
                0x0000000008049140                clock_gettime
                0x0000000008049150                png_write_end
                0x0000000008049160                fclose
                0x0000000008049170                screen_destroy_event
                0x0000000008049180                eglCreateContext
                0x0000000008049190                screen_destroy_window
                0x00000000080491a0                screen_get_event
                0x00000000080491b0                perror
                0x00000000080491c0                _preinit_array
                0x00000000080491d0                _init_libc
                0x00000000080491e0                printf
                0x00000000080491f0                eglSwapBuffers
                0x0000000008049200                fwrite
                0x0000000008049210                screen_create_pixmap_buffer
                0x0000000008049220                glReadPixels
                0x0000000008049230                eglCreateWindowSurface
                0x0000000008049240                __sigjmp_prolog
                0x0000000008049250                screen_destroy_pixmap
                0x0000000008049260                __cxa_finalize
                0x0000000008049280                eglDestroyContext
                0x0000000008049290                exit
                0x00000000080492a0                fprintf
                0x00000000080492b0                eglGetProcAddress
                0x00000000080492c0                screen_get_buffer_property_iv
                0x00000000080492d0                screen_create_pixmap
                0x00000000080492e0                __get_errno_ptr
                0x00000000080492f0                glClear
                0x0000000008049300                screen_get_window_property_pv
                0x0000000008049310                glTexImage2D
                0x0000000008049320                calloc
                0x0000000008049330                eglSwapInterval
                0x0000000008049340                eglGetError
                0x0000000008049350                glClearColor
                0x0000000008049360                glDepthFunc
                0x0000000008049370                png_set_longjmp_fn
                0x0000000008049380                screen_create_window_buffers
                0x0000000008049390                eglInitialize
                0x00000000080493a0                _fini_array
                0x00000000080493b0                screen_create_window
                0x00000000080493c0                __assert
                0x00000000080493d0                eglGetDisplay
                0x00000000080493e0                atexit
                0x00000000080493f0                glGetError
                0x0000000008049400                free
                0x0000000008049410                eglMakeCurrent
                0x0000000008049420                screen_destroy_context
                0x0000000008049430                _setjmp
                0x0000000008049440                screen_create_context
                0x0000000008049450                eglGetConfigs
                0x0000000008049460                fopen
                0x0000000008049470                longjmp
                0x0000000008049480                screen_set_pixmap_property_iv
                0x0000000008049490                screen_get_window_property_iv
                0x00000000080494a0                screen_create_event
                0x00000000080494b0                png_set_IHDR
                0x00000000080494c0                __stack_chk_fail
                0x00000000080494d0                screen_get_pixmap_property_pv

.iplt           0x00000000080494e0        0x0
 *(.iplt)
 .iplt          0x0000000000000000        0x0 /Developer/SDKs/qnx660/target/qnx6/x86/lib/crt1.o

.text           0x00000000080494e0     0x3120
                0x00000000080494e0                _btext = .
 *(.text.unlikely .text.*_unlikely .text.unlikely.*)
 *(.text.exit .text.exit.*)
 *(.text.startup .text.startup.*)
 *(.text.hot .text.hot.*)
 *(.text .stub .text.* .gnu.linkonce.t.*)
 .text          0x00000000080494e0       0xa0 /Developer/SDKs/qnx660/target/qnx6/x86/lib/crt1.o
                0x00000000080494e8                _start
 .text          0x0000000008049580        0x0 /Developer/SDKs/qnx660/target/qnx6/x86/lib/crti.o
 .text          0x0000000008049580      0x18d /Developer/SDKs/qnx660/host/darwin/x86/usr/lib/gcc/i486-pc-nto-qnx6.6.0/4.7.3/crtbegin.o
 .text.__x86.get_pc_thunk.bx
                0x000000000804970d        0x4 /Developer/SDKs/qnx660/host/darwin/x86/usr/lib/gcc/i486-pc-nto-qnx6.6.0/4.7.3/crtbegin.o
                0x000000000804970d                __x86.get_pc_thunk.bx
 .text          0x0000000008049711      0xe28 convert.o
                0x00000000080498c2                rgb888_to_ayuv
                0x00000000080499a2                rgb888_to_nv12
                0x0000000008049ce2                rgb888_to_uyvy
                0x0000000008049e6f                rgb888_to_yuy2
                0x0000000008049ffa                rgb888_to_yvyu
                0x000000000804a185                fill_ayuv
                0x000000000804a23f                fill_nv12
                0x000000000804a314                fill_uyvy
                0x000000000804a3cb                fill_yuy2
                0x000000000804a482                fill_yvyu
 .text          0x000000000804a539      0xb0a egl.o
                0x000000000804a689                egl_perror
                0x000000000804aaf6                egl_default
                0x000000000804ab5e                egl_init
                0x000000000804ad5a                egl_fini
                0x000000000804adf0                egl_make_current
                0x000000000804ae88                egl_swapbuffers
                0x000000000804aef7                egl_img_init
                0x000000000804afc8                egl_img_fini
 .text          0x000000000804b043      0x5c1 gldebug.o
                0x000000000804b3d4                glDebugBufferDump
                0x000000000804b568                glDebugGenTextureChecker
 .text          0x000000000804b604      0x1d5 main.o
                0x000000000804b604                myinit
                0x000000000804b667                render
                0x000000000804b6a3                main
 .text          0x000000000804b7d9      0x82c win.o
                0x000000000804b7d9                win_default
                0x000000000804b82d                win_init
                0x000000000804bbb0                win_fini
                0x000000000804bc5d                win_loop
 .text          0x000000000804c005      0x5b1 yuvbuf.o
                0x000000000804c28b                create_yuv_pixmap
 *fill*         0x000000000804c5b6        0xa 9090
 .text          0x000000000804c5c0       0x40 /Developer/SDKs/qnx660/host/darwin/x86/usr/lib/gcc/i486-pc-nto-qnx6.6.0/4.7.3/crtend.o
 .text          0x000000000804c600        0x0 /Developer/SDKs/qnx660/target/qnx6/x86/lib/crtn.o
 *(.gnu.warning)

.fini           0x000000000804c600        0x8
 *(SORT(.fini))
 .fini          0x000000000804c600        0x0 /Developer/SDKs/qnx660/target/qnx6/x86/lib/crti.o
                0x000000000804c600                _fini
 .fini          0x000000000804c600        0x5 /Developer/SDKs/qnx660/host/darwin/x86/usr/lib/gcc/i486-pc-nto-qnx6.6.0/4.7.3/crtbegin.o
 .fini          0x000000000804c605        0x3 /Developer/SDKs/qnx660/target/qnx6/x86/lib/crtn.o
                0x000000000804c608                PROVIDE (__etext, .)
                0x000000000804c608                PROVIDE (_etext, .)
                0x000000000804c608                PROVIDE (etext, .)

.rodata         0x000000000804c620   0x157984
 *(.rodata .rodata.* .gnu.linkonce.r.*)
 .rodata        0x000000000804c620      0x4ea egl.o
 .rodata        0x000000000804cb0a        0xa gldebug.o
 .rodata        0x000000000804cb14       0x6c main.o
 .rodata        0x000000000804cb80      0x1d0 win.o
 *fill*         0x000000000804cd50       0x10 
 .rodata        0x000000000804cd60   0x157244 yuvbuf.o

.rodata1
 *(.rodata1)

.sdata2
 *(.sdata2 .sdata2.* .gnu.linkonce.s2.*)

.sbss2
 *(.sbss2 .sbss2.* .gnu.linkonce.sb2.*)

.eh_frame_hdr   0x00000000081a3fa4      0x16c
 *(.eh_frame_hdr)
 .eh_frame_hdr  0x00000000081a3fa4      0x16c convert.o

.eh_frame       0x00000000081a4110      0x608
 *(.eh_frame)
 .eh_frame      0x00000000081a4110       0x3c /Developer/SDKs/qnx660/target/qnx6/x86/lib/crt1.o
                                         0x40 (size before relaxing)
 .eh_frame      0x00000000081a414c        0x0 /Developer/SDKs/qnx660/host/darwin/x86/usr/lib/gcc/i486-pc-nto-qnx6.6.0/4.7.3/crtbegin.o
 .eh_frame      0x00000000081a414c      0x1e0 convert.o
                                        0x1f8 (size before relaxing)
 .eh_frame      0x00000000081a432c      0x1b0 egl.o
                                        0x1c8 (size before relaxing)
 .eh_frame      0x00000000081a44dc       0x80 gldebug.o
                                         0x98 (size before relaxing)
 .eh_frame      0x00000000081a455c       0x60 main.o
                                         0x78 (size before relaxing)
 .eh_frame      0x00000000081a45bc       0x98 win.o
                                         0xb0 (size before relaxing)
 .eh_frame      0x00000000081a4654       0xc0 yuvbuf.o
                                         0xd8 (size before relaxing)
 .eh_frame      0x00000000081a4714        0x4 /Developer/SDKs/qnx660/host/darwin/x86/usr/lib/gcc/i486-pc-nto-qnx6.6.0/4.7.3/crtend.o

.gcc_except_table
 *(.gcc_except_table .gcc_except_table.*)

.exception_ranges
 *(.exception_ranges .exception_ranges*)
                0x00000000081a4718                . = (ALIGN (0x1000) - ((0x1000 - .) & 0xfff))
                0x00000000081a5f1c                . = DATA_SEGMENT_ALIGN (0x1000, 0x1000)

.eh_frame
 *(.eh_frame)

.gcc_except_table
 *(.gcc_except_table .gcc_except_table.*)

.exception_ranges
 *(.exception_ranges .exception_ranges*)

.tdata
 *(.tdata .tdata.* .gnu.linkonce.td.*)

.tbss
 *(.tbss .tbss.* .gnu.linkonce.tb.*)
 *(.tcommon)

.preinit_array  0x00000000081a5f1c        0x0
                0x00000000081a5f1c                PROVIDE (__preinit_array_start, .)
 *(.preinit_array)
                0x00000000081a5f1c                PROVIDE (__preinit_array_end, .)

.init_array     0x00000000081a5f1c        0x0
                0x00000000081a5f1c                PROVIDE (__init_array_start, .)
 *(SORT(.init_array.*))
 *(.init_array)
                0x00000000081a5f1c                PROVIDE (__init_array_end, .)

.fini_array     0x00000000081a5f1c        0x0
                0x00000000081a5f1c                PROVIDE (__fini_array_start, .)
 *(SORT(.fini_array.*))
 *(.fini_array)
                0x00000000081a5f1c                PROVIDE (__fini_array_end, .)

.ctors          0x00000000081a5f1c        0x8
 *crtbegin.o(.ctors)
 .ctors         0x00000000081a5f1c        0x4 /Developer/SDKs/qnx660/host/darwin/x86/usr/lib/gcc/i486-pc-nto-qnx6.6.0/4.7.3/crtbegin.o
 *crtbegin?.o(.ctors)
 *(EXCLUDE_FILE(*crtend?.o *crtend.o) .ctors)
 *(SORT(.ctors.*))
 *(.ctors)
 .ctors         0x00000000081a5f20        0x4 /Developer/SDKs/qnx660/host/darwin/x86/usr/lib/gcc/i486-pc-nto-qnx6.6.0/4.7.3/crtend.o

.dtors          0x00000000081a5f24        0x8
 *crtbegin.o(.dtors)
 .dtors         0x00000000081a5f24        0x4 /Developer/SDKs/qnx660/host/darwin/x86/usr/lib/gcc/i486-pc-nto-qnx6.6.0/4.7.3/crtbegin.o
 *crtbegin?.o(.dtors)
 *(EXCLUDE_FILE(*crtend?.o *crtend.o) .dtors)
 *(SORT(.dtors.*))
 *(.dtors)
 .dtors         0x00000000081a5f28        0x4 /Developer/SDKs/qnx660/host/darwin/x86/usr/lib/gcc/i486-pc-nto-qnx6.6.0/4.7.3/crtend.o
                0x00000000081a5f28                __DTOR_END__

.jcr            0x00000000081a5f2c        0x4
 *(.jcr)
 .jcr           0x00000000081a5f2c        0x0 /Developer/SDKs/qnx660/host/darwin/x86/usr/lib/gcc/i486-pc-nto-qnx6.6.0/4.7.3/crtbegin.o
 .jcr           0x00000000081a5f2c        0x4 /Developer/SDKs/qnx660/host/darwin/x86/usr/lib/gcc/i486-pc-nto-qnx6.6.0/4.7.3/crtend.o

.data.rel.ro
 *(.data.rel.ro.local* .gnu.linkonce.d.rel.ro.local.*)
 *(.data.rel.ro .data.rel.ro.* .gnu.linkonce.d.rel.ro.*)

.dynamic        0x00000000081a5f30       0xd0
 *(.dynamic)
 .dynamic       0x00000000081a5f30       0xd0 /Developer/SDKs/qnx660/target/qnx6/x86/lib/crt1.o
                0x00000000081a5f30                _DYNAMIC
                0x00000000081a6000                . = DATA_SEGMENT_RELRO_END (., 0x0)

.data           0x00000000081a6000       0x5c
 *(.data .data.* .gnu.linkonce.d.*)
 .data          0x00000000081a6000        0x0 /Developer/SDKs/qnx660/target/qnx6/x86/lib/crt1.o
 .data          0x00000000081a6000        0x0 /Developer/SDKs/qnx660/target/qnx6/x86/lib/crti.o
 .data          0x00000000081a6000        0x0 /Developer/SDKs/qnx660/host/darwin/x86/usr/lib/gcc/i486-pc-nto-qnx6.6.0/4.7.3/crtbegin.o
 .data.rel      0x00000000081a6000        0x4 /Developer/SDKs/qnx660/host/darwin/x86/usr/lib/gcc/i486-pc-nto-qnx6.6.0/4.7.3/crtbegin.o
                0x00000000081a6000                __dso_handle
 .data          0x00000000081a6004        0x0 convert.o
 *fill*         0x00000000081a6004       0x1c 
 .data          0x00000000081a6020       0x3c egl.o
 .data          0x00000000081a605c        0x0 gldebug.o
 .data          0x00000000081a605c        0x0 main.o
 .data          0x00000000081a605c        0x0 win.o
 .data          0x00000000081a605c        0x0 yuvbuf.o
 .data          0x00000000081a605c        0x0 /Developer/SDKs/qnx660/host/darwin/x86/usr/lib/gcc/i486-pc-nto-qnx6.6.0/4.7.3/crtend.o
 .data          0x00000000081a605c        0x0 /Developer/SDKs/qnx660/target/qnx6/x86/lib/crtn.o

.tm_clone_table
                0x00000000081a605c        0x0
 .tm_clone_table
                0x00000000081a605c        0x0 /Developer/SDKs/qnx660/host/darwin/x86/usr/lib/gcc/i486-pc-nto-qnx6.6.0/4.7.3/crtbegin.o
 .tm_clone_table
                0x00000000081a605c        0x0 /Developer/SDKs/qnx660/host/darwin/x86/usr/lib/gcc/i486-pc-nto-qnx6.6.0/4.7.3/crtend.o

.data1
 *(.data1)

.got            0x00000000081a605c      0x158
 *(.got.plt)
 .got.plt       0x00000000081a605c      0x140 /Developer/SDKs/qnx660/target/qnx6/x86/lib/crt1.o
                0x00000000081a605c                _GLOBAL_OFFSET_TABLE_
 *(.igot.plt)
 .igot.plt      0x0000000000000000        0x0 /Developer/SDKs/qnx660/target/qnx6/x86/lib/crt1.o
 *(.got)
 .got           0x00000000081a619c       0x18 /Developer/SDKs/qnx660/target/qnx6/x86/lib/crt1.o
 *(.igot)

.sdata
 *(.sdata .sdata.* .gnu.linkonce.s.*)
                0x00000000081a61b4                _edata = .
                0x00000000081a61b4                PROVIDE (edata, .)
                0x00000000081a61b4                . = .
                0x00000000081a61b4                __bss_start = .

.sbss
 *(.dynsbss)
 *(.sbss .sbss.* .gnu.linkonce.sb.*)
 *(.scommon)

.bss            0x00000000081a61c0    0x101a4
 *(.dynbss)
 .dynbss        0x00000000081a61c0       0xb0 /Developer/SDKs/qnx660/target/qnx6/x86/lib/crt1.o
                0x00000000081a61c0                _Stderr
                0x00000000081a6210                __stack_chk_guard
                0x00000000081a6220                _Stdout
 *(.bss .bss.* .gnu.linkonce.b.*)
 .bss           0x00000000081a6270        0x0 /Developer/SDKs/qnx660/target/qnx6/x86/lib/crt1.o
 .bss           0x00000000081a6270        0x0 /Developer/SDKs/qnx660/target/qnx6/x86/lib/crti.o
 .bss           0x00000000081a6270       0x20 /Developer/SDKs/qnx660/host/darwin/x86/usr/lib/gcc/i486-pc-nto-qnx6.6.0/4.7.3/crtbegin.o
 .bss           0x00000000081a6290        0x0 convert.o
 .bss           0x00000000081a6290        0x0 egl.o
 *fill*         0x00000000081a6290       0x10 
 .bss           0x00000000081a62a0    0x10000 gldebug.o
 .bss           0x00000000081b62a0       0x3c main.o
 .bss           0x00000000081b62dc        0x0 win.o
 .bss           0x00000000081b62dc        0x0 yuvbuf.o
 .bss           0x00000000081b62dc        0x0 /Developer/SDKs/qnx660/host/darwin/x86/usr/lib/gcc/i486-pc-nto-qnx6.6.0/4.7.3/crtend.o
 .bss           0x00000000081b62dc        0x0 /Developer/SDKs/qnx660/target/qnx6/x86/lib/crtn.o
 *(COMMON)
 COMMON         0x00000000081b62dc       0x14 gldebug.o
                0x00000000081b62dc                width
                0x00000000081b62e0                row_pointers
                0x00000000081b62e4                color_type
                0x00000000081b62e5                bit_depth
                0x00000000081b62e8                height
                0x00000000081b62ec                number_of_passes
 *fill*         0x00000000081b62f0       0x10 
 COMMON         0x00000000081b6300       0x64 main.o
                0x00000000081b6300                screen_ctx
                0x00000000081b6320                egl_ctx
                0x00000000081b6364                . = ALIGN ((. != 0x0)?0x4:0x1)
                0x00000000081b6364                . = ALIGN (0x4)
                0x00000000081b6364                . = SEGMENT_START ("ldata-segment", .)
                0x00000000081b6364                . = ALIGN (0x4)
                0x00000000081b6364                _end = .
                0x00000000081b6364                PROVIDE (end, .)
                0x00000000081b6364                . = DATA_SEGMENT_END (.)

.stab
 *(.stab)

.stabstr
 *(.stabstr)

.stab.excl
 *(.stab.excl)

.stab.exclstr
 *(.stab.exclstr)

.stab.index
 *(.stab.index)

.stab.indexstr
 *(.stab.indexstr)

.comment        0x0000000000000000       0x11
 *(.comment)
 .comment       0x0000000000000000       0x11 /Developer/SDKs/qnx660/host/darwin/x86/usr/lib/gcc/i486-pc-nto-qnx6.6.0/4.7.3/crtbegin.o
                                         0x12 (size before relaxing)
 .comment       0x0000000000000000       0x12 convert.o
 .comment       0x0000000000000000       0x12 egl.o
 .comment       0x0000000000000000       0x12 gldebug.o
 .comment       0x0000000000000000       0x12 main.o
 .comment       0x0000000000000000       0x12 win.o
 .comment       0x0000000000000000       0x12 yuvbuf.o
 .comment       0x0000000000000000       0x12 /Developer/SDKs/qnx660/host/darwin/x86/usr/lib/gcc/i486-pc-nto-qnx6.6.0/4.7.3/crtend.o

.ident          0x0000000000000000     0x1472
 .ident         0x0000000000000000      0x640 convert.o
                                        0x95b (size before relaxing)
 .ident         0x0000000000000640      0xaa1 egl.o
                                       0x1c51 (size before relaxing)
 .ident         0x00000000000010e1      0x284 gldebug.o
                                       0x1092 (size before relaxing)
 .ident         0x0000000000000000      0xc9e main.o
 .ident         0x0000000000001365      0x10d win.o
                                       0x125c (size before relaxing)
 .ident         0x0000000000000000     0x1bef yuvbuf.o

.debug
 *(.debug)

.line
 *(.line)

.debug_srcinfo
 *(.debug_srcinfo)

.debug_sfnames
 *(.debug_sfnames)

.debug_aranges  0x0000000000000000       0xc0
 *(.debug_aranges)
 .debug_aranges
                0x0000000000000000       0x20 convert.o
 .debug_aranges
                0x0000000000000020       0x20 egl.o
 .debug_aranges
                0x0000000000000040       0x20 gldebug.o
 .debug_aranges
                0x0000000000000060       0x20 main.o
 .debug_aranges
                0x0000000000000080       0x20 win.o
 .debug_aranges
                0x00000000000000a0       0x20 yuvbuf.o

.debug_pubnames
 *(.debug_pubnames)

.debug_info     0x0000000000000000     0x5dfc
 *(.debug_info .gnu.linkonce.wi.*)
 .debug_info    0x0000000000000000      0x5c0 convert.o
 .debug_info    0x00000000000005c0     0x15de egl.o
 .debug_info    0x0000000000001b9e     0x1aec gldebug.o
 .debug_info    0x000000000000368a      0x6e5 main.o
 .debug_info    0x0000000000003d6f      0xd03 win.o
 .debug_info    0x0000000000004a72     0x138a yuvbuf.o

.debug_abbrev   0x0000000000000000      0xa2e
 *(.debug_abbrev)
 .debug_abbrev  0x0000000000000000       0xcd convert.o
 .debug_abbrev  0x00000000000000cd      0x284 egl.o
 .debug_abbrev  0x0000000000000351      0x1c7 gldebug.o
 .debug_abbrev  0x0000000000000518      0x16c main.o
 .debug_abbrev  0x0000000000000684      0x196 win.o
 .debug_abbrev  0x000000000000081a      0x214 yuvbuf.o

.debug_line     0x0000000000000000     0x11b8
 *(.debug_line .debug_line.* .debug_line_end)
 .debug_line    0x0000000000000000      0x304 convert.o
 .debug_line    0x0000000000000304      0x3b0 egl.o
 .debug_line    0x00000000000006b4      0x2bf gldebug.o
 .debug_line    0x0000000000000973      0x2ac main.o
 .debug_line    0x0000000000000c1f      0x338 win.o
 .debug_line    0x0000000000000f57      0x261 yuvbuf.o

.debug_frame
 *(.debug_frame)

.debug_str      0x0000000000000000     0x2c66
 *(.debug_str)
 .debug_str     0x0000000000000000      0x190 convert.o
                                        0x1cb (size before relaxing)
 .debug_str     0x0000000000000190     0x158e egl.o
                                       0x1700 (size before relaxing)
 .debug_str     0x000000000000171e      0xdaa gldebug.o
                                       0x108e (size before relaxing)
 .debug_str     0x00000000000024c8       0xc8 main.o
                                        0x481 (size before relaxing)
 .debug_str     0x0000000000002590      0x4d4 win.o
                                       0x170c (size before relaxing)
 .debug_str     0x0000000000002a64      0x202 yuvbuf.o
                                       0x1893 (size before relaxing)

.debug_loc      0x0000000000000000      0x968
 *(.debug_loc)
 .debug_loc     0x0000000000000000      0x2d8 convert.o
 .debug_loc     0x00000000000002d8      0x2d8 egl.o
 .debug_loc     0x00000000000005b0       0xe0 gldebug.o
 .debug_loc     0x0000000000000690       0xa8 main.o
 .debug_loc     0x0000000000000738       0xe0 win.o
 .debug_loc     0x0000000000000818      0x150 yuvbuf.o

.debug_macinfo
 *(.debug_macinfo)

.debug_weaknames
 *(.debug_weaknames)

.debug_funcnames
 *(.debug_funcnames)

.debug_typenames
 *(.debug_typenames)

.debug_varnames
 *(.debug_varnames)

.debug_pubtypes
 *(.debug_pubtypes)

.debug_ranges
 *(.debug_ranges)

.debug_macro
 *(.debug_macro)

.gnu.attributes
 *(.gnu.attributes)

/DISCARD/
 *(.note.GNU-stack)
 *(.gnu_debuglink)
 *(.gnu.lto_*)
OUTPUT(/Users/leoxu/qnx/gles-apps/redbook/checker/nto/x86/o/checker elf32-i386)
