
Allocating common symbols
Common symbol       size              file

width               0x4               gldebug.o
row_pointers        0x4               gldebug.o
color_type          0x1               gldebug.o
bit_depth           0x1               gldebug.o
height              0x4               gldebug.o
screen_ctx          0x4               main.o
number_of_passes    0x4               gldebug.o
egl_ctx             0x44              main.o

Discarded input sections

 .group         0x0000000000000000        0x8 /Developer/SDKs/qnx660/host/darwin/x86/usr/lib/gcc/i486-pc-nto-qnx6.6.0/4.7.3/crtbegin.o
 .group         0x0000000000000000        0x8 /Developer/SDKs/qnx660/host/darwin/x86/usr/lib/gcc/i486-pc-nto-qnx6.6.0/4.7.3/crtend.o
 .text.__x86.get_pc_thunk.bx
                0x0000000000000000        0x4 /Developer/SDKs/qnx660/host/darwin/x86/usr/lib/gcc/i486-pc-nto-qnx6.6.0/4.7.3/crtend.o

Memory Configuration

Name             Origin             Length             Attributes
*default*        0x0000000000000000 0xffffffffffffffff

Linker script and memory map

TARGET(elf32-i386)
LOAD /Developer/SDKs/qnx660/target/qnx6/x86/lib/crt1.o
LOAD /Developer/SDKs/qnx660/target/qnx6/x86/lib/crti.o
LOAD /Developer/SDKs/qnx660/host/darwin/x86/usr/lib/gcc/i486-pc-nto-qnx6.6.0/4.7.3/crtbegin.o
LOAD convert.o
LOAD egl.o
LOAD gldebug.o
LOAD gldraw.o
LOAD main.o
LOAD uyvy.o
LOAD win.o
LOAD yuvbuf.o
LOAD /Users/leoxu/stage/qnx660/mainline/x86/usr/lib/libscreen.so
LOAD /Users/leoxu/stage/qnx660/mainline/x86/usr/lib/libEGL.so
LOAD /Users/leoxu/stage/qnx660/mainline/x86/usr/lib/libGLESv2.so
LOAD /Users/leoxu/stage/qnx660/mainline/x86/usr/lib/libpng.so
LOAD /Developer/SDKs/qnx660/host/darwin/x86/usr/lib/gcc/i486-pc-nto-qnx6.6.0/4.7.3/libgcc.a
LOAD /Developer/SDKs/qnx660/target/qnx6/x86/lib/libc.so
LOAD /Developer/SDKs/qnx660/target/qnx6/x86/lib/libc.a
LOAD /Developer/SDKs/qnx660/host/darwin/x86/usr/lib/gcc/i486-pc-nto-qnx6.6.0/4.7.3/libgcc.a
LOAD /Developer/SDKs/qnx660/host/darwin/x86/usr/lib/gcc/i486-pc-nto-qnx6.6.0/4.7.3/crtend.o
LOAD /Developer/SDKs/qnx660/target/qnx6/x86/lib/crtn.o
                0x0000000008048000                PROVIDE (__executable_start, 0x8048000)
                0x0000000008048154                . = (0x8048000 + SIZEOF_HEADERS)

.interp         0x0000000008048154       0x14
 *(.interp)
 .interp        0x0000000008048154       0x14 /Developer/SDKs/qnx660/target/qnx6/x86/lib/crt1.o

.note           0x0000000008048168       0x18
 .note          0x0000000008048168       0x18 /Developer/SDKs/qnx660/target/qnx6/x86/lib/crtn.o

.note.gnu.build-id
                0x0000000008048180       0x20
 *(.note.gnu.build-id)
 .note.gnu.build-id
                0x0000000008048180       0x20 /Developer/SDKs/qnx660/target/qnx6/x86/lib/crt1.o

.hash
 *(.hash)

.gnu.hash       0x00000000080481a0       0x50
 *(.gnu.hash)
 .gnu.hash      0x00000000080481a0       0x50 /Developer/SDKs/qnx660/target/qnx6/x86/lib/crt1.o

.dynsym         0x00000000080481f0      0x6f0
 *(.dynsym)
 .dynsym        0x00000000080481f0      0x6f0 /Developer/SDKs/qnx660/target/qnx6/x86/lib/crt1.o

.dynstr         0x00000000080488e0      0x6df
 *(.dynstr)
 .dynstr        0x00000000080488e0      0x6df /Developer/SDKs/qnx660/target/qnx6/x86/lib/crt1.o

.gnu.version    0x0000000008048fc0        0x0
 *(.gnu.version)
 .gnu.version   0x0000000000000000        0x0 /Developer/SDKs/qnx660/target/qnx6/x86/lib/crt1.o

.gnu.version_d  0x0000000008048fc0        0x0
 *(.gnu.version_d)
 .gnu.version_d
                0x0000000000000000        0x0 /Developer/SDKs/qnx660/target/qnx6/x86/lib/crt1.o

.gnu.version_r  0x0000000008048fc0        0x0
 *(.gnu.version_r)
 .gnu.version_r
                0x0000000000000000        0x0 /Developer/SDKs/qnx660/target/qnx6/x86/lib/crt1.o

.rel.dyn        0x0000000008048fc0       0x48
 *(.rel.init)
 *(.rel.text .rel.text.* .rel.gnu.linkonce.t.*)
 .rel.text      0x0000000000000000        0x0 /Developer/SDKs/qnx660/target/qnx6/x86/lib/crt1.o
 *(.rel.fini)
 *(.rel.rodata .rel.rodata.* .rel.gnu.linkonce.r.*)
 *(.rel.data.rel.ro .rel.data.rel.ro.* .rel.gnu.linkonce.d.rel.ro.*)
 *(.rel.data .rel.data.* .rel.gnu.linkonce.d.*)
 *(.rel.tdata .rel.tdata.* .rel.gnu.linkonce.td.*)
 *(.rel.tbss .rel.tbss.* .rel.gnu.linkonce.tb.*)
 *(.rel.ctors)
 *(.rel.dtors)
 *(.rel.got)
 .rel.got       0x0000000008048fc0       0x30 /Developer/SDKs/qnx660/target/qnx6/x86/lib/crt1.o
 *(.rel.sdata .rel.sdata.* .rel.gnu.linkonce.s.*)
 *(.rel.sbss .rel.sbss.* .rel.gnu.linkonce.sb.*)
 *(.rel.sdata2 .rel.sdata2.* .rel.gnu.linkonce.s2.*)
 *(.rel.sbss2 .rel.sbss2.* .rel.gnu.linkonce.sb2.*)
 *(.rel.bss .rel.bss.* .rel.gnu.linkonce.b.*)
 .rel.bss       0x0000000008048ff0       0x18 /Developer/SDKs/qnx660/target/qnx6/x86/lib/crt1.o
                0x0000000008049008                PROVIDE (__rel_iplt_start, .)
 *(.rel.iplt)
 .rel.iplt      0x0000000000000000        0x0 /Developer/SDKs/qnx660/target/qnx6/x86/lib/crt1.o
                0x0000000008049008                PROVIDE (__rel_iplt_end, .)
                0x0000000008049008                PROVIDE (__rela_iplt_start, .)
                0x0000000008049008                PROVIDE (__rela_iplt_end, .)

.rel.plt        0x0000000008049008      0x308
 *(.rel.plt)
 .rel.plt       0x0000000008049008      0x308 /Developer/SDKs/qnx660/target/qnx6/x86/lib/crt1.o

.init           0x0000000008049310        0xd
 *(SORT(.init))
 .init          0x0000000008049310        0x0 /Developer/SDKs/qnx660/target/qnx6/x86/lib/crti.o
                0x0000000008049310                _init
 .init          0x0000000008049310        0x5 /Developer/SDKs/qnx660/host/darwin/x86/usr/lib/gcc/i486-pc-nto-qnx6.6.0/4.7.3/crtbegin.o
 .init          0x0000000008049315        0x5 /Developer/SDKs/qnx660/host/darwin/x86/usr/lib/gcc/i486-pc-nto-qnx6.6.0/4.7.3/crtend.o
 .init          0x000000000804931a        0x3 /Developer/SDKs/qnx660/target/qnx6/x86/lib/crtn.o

.plt            0x0000000008049320      0x620
 *(.plt)
 .plt           0x0000000008049320      0x620 /Developer/SDKs/qnx660/target/qnx6/x86/lib/crt1.o
                0x0000000008049330                png_init_io
                0x0000000008049340                glGetShaderiv
                0x0000000008049350                glGenTextures
                0x0000000008049360                screen_flush_blits
                0x0000000008049370                glGetUniformLocation
                0x0000000008049380                glVertexAttribPointer
                0x0000000008049390                eglDestroySurface
                0x00000000080493a0                glBindTexture
                0x00000000080493b0                glEnableVertexAttribArray
                0x00000000080493d0                glCompileShader
                0x00000000080493e0                png_create_write_struct
                0x00000000080493f0                screen_set_window_property_iv
                0x0000000008049400                glCreateProgram
                0x0000000008049410                memset
                0x0000000008049420                png_write_image
                0x0000000008049430                screen_get_buffer_property_pv
                0x0000000008049440                _init_array
                0x0000000008049450                png_create_info_struct
                0x0000000008049460                eglGetConfigAttrib
                0x0000000008049470                png_write_info
                0x0000000008049480                malloc
                0x0000000008049490                glUniform2f
                0x00000000080494a0                png_set_bKGD
                0x00000000080494b0                fflush
                0x00000000080494c0                screen_get_event_property_iv
                0x00000000080494d0                glCreateShader
                0x00000000080494e0                clock_gettime
                0x00000000080494f0                glDeleteShader
                0x0000000008049500                png_write_end
                0x0000000008049510                fclose
                0x0000000008049520                screen_destroy_event
                0x0000000008049530                eglCreateContext
                0x0000000008049540                glActiveTexture
                0x0000000008049550                glTexParameterf
                0x0000000008049560                screen_destroy_window
                0x0000000008049570                screen_get_event
                0x0000000008049580                perror
                0x0000000008049590                _preinit_array
                0x00000000080495a0                screen_blit
                0x00000000080495b0                glShaderSource
                0x00000000080495c0                _init_libc
                0x00000000080495d0                printf
                0x00000000080495e0                eglSwapBuffers
                0x00000000080495f0                glUniform1i
                0x0000000008049600                fwrite
                0x0000000008049610                screen_create_pixmap_buffer
                0x0000000008049620                glReadPixels
                0x0000000008049630                eglCreateWindowSurface
                0x0000000008049640                __sigjmp_prolog
                0x0000000008049650                glBindAttribLocation
                0x0000000008049660                screen_destroy_pixmap
                0x0000000008049670                __cxa_finalize
                0x0000000008049690                eglDestroyContext
                0x00000000080496a0                exit
                0x00000000080496b0                fprintf
                0x00000000080496c0                eglGetProcAddress
                0x00000000080496d0                screen_get_buffer_property_iv
                0x00000000080496e0                screen_create_pixmap
                0x00000000080496f0                glDrawArrays
                0x0000000008049700                __get_errno_ptr
                0x0000000008049710                glClear
                0x0000000008049720                screen_get_window_property_pv
                0x0000000008049730                glTexImage2D
                0x0000000008049740                calloc
                0x0000000008049750                eglSwapInterval
                0x0000000008049760                eglGetError
                0x0000000008049770                glClearColor
                0x0000000008049780                png_set_longjmp_fn
                0x0000000008049790                screen_create_window_buffers
                0x00000000080497a0                eglInitialize
                0x00000000080497b0                _fini_array
                0x00000000080497c0                screen_create_window
                0x00000000080497d0                __assert
                0x00000000080497e0                eglGetDisplay
                0x00000000080497f0                atexit
                0x0000000008049800                glGetProgramiv
                0x0000000008049810                glGetError
                0x0000000008049820                free
                0x0000000008049830                eglMakeCurrent
                0x0000000008049840                screen_destroy_context
                0x0000000008049850                _setjmp
                0x0000000008049860                screen_create_context
                0x0000000008049870                eglGetConfigs
                0x0000000008049880                fopen
                0x0000000008049890                longjmp
                0x00000000080498a0                glUseProgram
                0x00000000080498b0                screen_set_pixmap_property_iv
                0x00000000080498c0                memcpy
                0x00000000080498d0                screen_get_window_property_iv
                0x00000000080498e0                screen_create_event
                0x00000000080498f0                png_set_IHDR
                0x0000000008049900                __stack_chk_fail
                0x0000000008049910                glLinkProgram
                0x0000000008049920                glAttachShader
                0x0000000008049930                screen_get_pixmap_property_pv

.iplt           0x0000000008049940        0x0
 *(.iplt)
 .iplt          0x0000000000000000        0x0 /Developer/SDKs/qnx660/target/qnx6/x86/lib/crt1.o

.text           0x0000000008049940     0x3940
                0x0000000008049940                _btext = .
 *(.text.unlikely .text.*_unlikely .text.unlikely.*)
 *(.text.exit .text.exit.*)
 *(.text.startup .text.startup.*)
 *(.text.hot .text.hot.*)
 *(.text .stub .text.* .gnu.linkonce.t.*)
 .text          0x0000000008049940       0xa0 /Developer/SDKs/qnx660/target/qnx6/x86/lib/crt1.o
                0x0000000008049948                _start
 .text          0x00000000080499e0        0x0 /Developer/SDKs/qnx660/target/qnx6/x86/lib/crti.o
 .text          0x00000000080499e0      0x18d /Developer/SDKs/qnx660/host/darwin/x86/usr/lib/gcc/i486-pc-nto-qnx6.6.0/4.7.3/crtbegin.o
 .text.__x86.get_pc_thunk.bx
                0x0000000008049b6d        0x4 /Developer/SDKs/qnx660/host/darwin/x86/usr/lib/gcc/i486-pc-nto-qnx6.6.0/4.7.3/crtbegin.o
                0x0000000008049b6d                __x86.get_pc_thunk.bx
 .text          0x0000000008049b71      0xe28 convert.o
                0x0000000008049d22                rgb888_to_ayuv
                0x0000000008049e02                rgb888_to_nv12
                0x000000000804a142                rgb888_to_uyvy
                0x000000000804a2cf                rgb888_to_yuy2
                0x000000000804a45a                rgb888_to_yvyu
                0x000000000804a5e5                fill_ayuv
                0x000000000804a69f                fill_nv12
                0x000000000804a774                fill_uyvy
                0x000000000804a82b                fill_yuy2
                0x000000000804a8e2                fill_yvyu
 .text          0x000000000804a999      0xb18 egl.o
                0x000000000804aae9                egl_perror
                0x000000000804af56                egl_default
                0x000000000804afbe                egl_init
                0x000000000804b153                egl_fini
                0x000000000804b1e9                egl_make_current
                0x000000000804b2f6                egl_swapbuffers
                0x000000000804b365                egl_img_init
                0x000000000804b436                egl_img_fini
 .text          0x000000000804b4b1      0x5c1 gldebug.o
                0x000000000804b842                glDebugBufferDump
                0x000000000804b9d6                glDebugGenTextureChecker
 .text          0x000000000804ba72      0x2c7 gldraw.o
                0x000000000804ba72                glBegin
                0x000000000804ba77                glVertex3f
                0x000000000804ba7c                glTexCoord2f
                0x000000000804ba81                glEnd
                0x000000000804ba86                glCreatePgm
                0x000000000804bcd0                glDefaultShaders
 .text          0x000000000804bd39      0x190 main.o
                0x000000000804bd39                main
 .text          0x000000000804bec9      0x595 uyvy.o
                0x000000000804c073                render_blit
                0x000000000804c183                render
                0x000000000804c213                yuv_init
 .text          0x000000000804c45e      0x82c win.o
                0x000000000804c45e                win_default
                0x000000000804c4b2                win_init
                0x000000000804c835                win_fini
                0x000000000804c8e2                win_loop
 .text          0x000000000804cc8a      0x5b1 yuvbuf.o
                0x000000000804cf10                create_yuv_pixmap
 *fill*         0x000000000804d23b        0x5 9090
 .text          0x000000000804d240       0x40 /Developer/SDKs/qnx660/host/darwin/x86/usr/lib/gcc/i486-pc-nto-qnx6.6.0/4.7.3/crtend.o
 .text          0x000000000804d280        0x0 /Developer/SDKs/qnx660/target/qnx6/x86/lib/crtn.o
 *(.gnu.warning)

.fini           0x000000000804d280        0x8
 *(SORT(.fini))
 .fini          0x000000000804d280        0x0 /Developer/SDKs/qnx660/target/qnx6/x86/lib/crti.o
                0x000000000804d280                _fini
 .fini          0x000000000804d280        0x5 /Developer/SDKs/qnx660/host/darwin/x86/usr/lib/gcc/i486-pc-nto-qnx6.6.0/4.7.3/crtbegin.o
 .fini          0x000000000804d285        0x3 /Developer/SDKs/qnx660/target/qnx6/x86/lib/crtn.o
                0x000000000804d288                PROVIDE (__etext, .)
                0x000000000804d288                PROVIDE (_etext, .)
                0x000000000804d288                PROVIDE (etext, .)

.rodata         0x000000000804d2a0   0x158044
 *(.rodata .rodata.* .gnu.linkonce.r.*)
 .rodata        0x000000000804d2a0      0x50a egl.o
 .rodata        0x000000000804d7aa        0xa gldebug.o
 .rodata        0x000000000804d7b4      0x176 gldraw.o
 *fill*         0x000000000804d92a        0x2 
 .rodata        0x000000000804d92c       0xb0 main.o
 .rodata        0x000000000804d9dc      0x4f0 uyvy.o
 *fill*         0x000000000804decc        0x4 
 .rodata        0x000000000804ded0      0x1d0 win.o
 .rodata        0x000000000804e0a0   0x157244 yuvbuf.o

.rodata1
 *(.rodata1)

.sdata2
 *(.sdata2 .sdata2.* .gnu.linkonce.s2.*)

.sbss2
 *(.sbss2 .sbss2.* .gnu.linkonce.sb2.*)

.eh_frame_hdr   0x00000000081a52e4      0x1bc
 *(.eh_frame_hdr)
 .eh_frame_hdr  0x00000000081a52e4      0x1bc convert.o

.eh_frame       0x00000000081a54a0      0x748
 *(.eh_frame)
 .eh_frame      0x00000000081a54a0       0x3c /Developer/SDKs/qnx660/target/qnx6/x86/lib/crt1.o
                                         0x40 (size before relaxing)
 .eh_frame      0x00000000081a54dc        0x0 /Developer/SDKs/qnx660/host/darwin/x86/usr/lib/gcc/i486-pc-nto-qnx6.6.0/4.7.3/crtbegin.o
 .eh_frame      0x00000000081a54dc      0x1e0 convert.o
                                        0x1f8 (size before relaxing)
 .eh_frame      0x00000000081a56bc      0x1b0 egl.o
                                        0x1c8 (size before relaxing)
 .eh_frame      0x00000000081a586c       0x80 gldebug.o
                                         0x98 (size before relaxing)
 .eh_frame      0x00000000081a58ec       0xc0 gldraw.o
                                         0xd8 (size before relaxing)
 .eh_frame      0x00000000081a59ac       0x20 main.o
                                         0x38 (size before relaxing)
 .eh_frame      0x00000000081a59cc       0xc0 uyvy.o
                                         0xd8 (size before relaxing)
 .eh_frame      0x00000000081a5a8c       0x98 win.o
                                         0xb0 (size before relaxing)
 .eh_frame      0x00000000081a5b24       0xc0 yuvbuf.o
                                         0xd8 (size before relaxing)
 .eh_frame      0x00000000081a5be4        0x4 /Developer/SDKs/qnx660/host/darwin/x86/usr/lib/gcc/i486-pc-nto-qnx6.6.0/4.7.3/crtend.o

.gcc_except_table
 *(.gcc_except_table .gcc_except_table.*)

.exception_ranges
 *(.exception_ranges .exception_ranges*)
                0x00000000081a5be8                . = (ALIGN (0x1000) - ((0x1000 - .) & 0xfff))
                0x00000000081a6f1c                . = DATA_SEGMENT_ALIGN (0x1000, 0x1000)

.eh_frame
 *(.eh_frame)

.gcc_except_table
 *(.gcc_except_table .gcc_except_table.*)

.exception_ranges
 *(.exception_ranges .exception_ranges*)

.tdata
 *(.tdata .tdata.* .gnu.linkonce.td.*)

.tbss
 *(.tbss .tbss.* .gnu.linkonce.tb.*)
 *(.tcommon)

.preinit_array  0x00000000081a6f1c        0x0
                0x00000000081a6f1c                PROVIDE (__preinit_array_start, .)
 *(.preinit_array)
                0x00000000081a6f1c                PROVIDE (__preinit_array_end, .)

.init_array     0x00000000081a6f1c        0x0
                0x00000000081a6f1c                PROVIDE (__init_array_start, .)
 *(SORT(.init_array.*))
 *(.init_array)
                0x00000000081a6f1c                PROVIDE (__init_array_end, .)

.fini_array     0x00000000081a6f1c        0x0
                0x00000000081a6f1c                PROVIDE (__fini_array_start, .)
 *(SORT(.fini_array.*))
 *(.fini_array)
                0x00000000081a6f1c                PROVIDE (__fini_array_end, .)

.ctors          0x00000000081a6f1c        0x8
 *crtbegin.o(.ctors)
 .ctors         0x00000000081a6f1c        0x4 /Developer/SDKs/qnx660/host/darwin/x86/usr/lib/gcc/i486-pc-nto-qnx6.6.0/4.7.3/crtbegin.o
 *crtbegin?.o(.ctors)
 *(EXCLUDE_FILE(*crtend?.o *crtend.o) .ctors)
 *(SORT(.ctors.*))
 *(.ctors)
 .ctors         0x00000000081a6f20        0x4 /Developer/SDKs/qnx660/host/darwin/x86/usr/lib/gcc/i486-pc-nto-qnx6.6.0/4.7.3/crtend.o

.dtors          0x00000000081a6f24        0x8
 *crtbegin.o(.dtors)
 .dtors         0x00000000081a6f24        0x4 /Developer/SDKs/qnx660/host/darwin/x86/usr/lib/gcc/i486-pc-nto-qnx6.6.0/4.7.3/crtbegin.o
 *crtbegin?.o(.dtors)
 *(EXCLUDE_FILE(*crtend?.o *crtend.o) .dtors)
 *(SORT(.dtors.*))
 *(.dtors)
 .dtors         0x00000000081a6f28        0x4 /Developer/SDKs/qnx660/host/darwin/x86/usr/lib/gcc/i486-pc-nto-qnx6.6.0/4.7.3/crtend.o
                0x00000000081a6f28                __DTOR_END__

.jcr            0x00000000081a6f2c        0x4
 *(.jcr)
 .jcr           0x00000000081a6f2c        0x0 /Developer/SDKs/qnx660/host/darwin/x86/usr/lib/gcc/i486-pc-nto-qnx6.6.0/4.7.3/crtbegin.o
 .jcr           0x00000000081a6f2c        0x4 /Developer/SDKs/qnx660/host/darwin/x86/usr/lib/gcc/i486-pc-nto-qnx6.6.0/4.7.3/crtend.o

.data.rel.ro
 *(.data.rel.ro.local* .gnu.linkonce.d.rel.ro.local.*)
 *(.data.rel.ro .data.rel.ro.* .gnu.linkonce.d.rel.ro.*)

.dynamic        0x00000000081a6f30       0xd0
 *(.dynamic)
 .dynamic       0x00000000081a6f30       0xd0 /Developer/SDKs/qnx660/target/qnx6/x86/lib/crt1.o
                0x00000000081a6f30                _DYNAMIC
                0x00000000081a7000                . = DATA_SEGMENT_RELRO_END (., 0x0)

.data           0x00000000081a7000      0x120
 *(.data .data.* .gnu.linkonce.d.*)
 .data          0x00000000081a7000        0x0 /Developer/SDKs/qnx660/target/qnx6/x86/lib/crt1.o
 .data          0x00000000081a7000        0x0 /Developer/SDKs/qnx660/target/qnx6/x86/lib/crti.o
 .data          0x00000000081a7000        0x0 /Developer/SDKs/qnx660/host/darwin/x86/usr/lib/gcc/i486-pc-nto-qnx6.6.0/4.7.3/crtbegin.o
 .data.rel      0x00000000081a7000        0x4 /Developer/SDKs/qnx660/host/darwin/x86/usr/lib/gcc/i486-pc-nto-qnx6.6.0/4.7.3/crtbegin.o
                0x00000000081a7000                __dso_handle
 .data          0x00000000081a7004        0x0 convert.o
 *fill*         0x00000000081a7004       0x1c 
 .data          0x00000000081a7020       0x3c egl.o
 .data          0x00000000081a705c        0x0 gldebug.o
 .data          0x00000000081a705c        0x8 gldraw.o
 .data          0x00000000081a7064        0x0 main.o
 *fill*         0x00000000081a7064       0x1c 
 .data          0x00000000081a7080       0xa0 uyvy.o
                0x00000000081a70e0                vb_right
 .data          0x00000000081a7120        0x0 win.o
 .data          0x00000000081a7120        0x0 yuvbuf.o
 .data          0x00000000081a7120        0x0 /Developer/SDKs/qnx660/host/darwin/x86/usr/lib/gcc/i486-pc-nto-qnx6.6.0/4.7.3/crtend.o
 .data          0x00000000081a7120        0x0 /Developer/SDKs/qnx660/target/qnx6/x86/lib/crtn.o

.tm_clone_table
                0x00000000081a7120        0x0
 .tm_clone_table
                0x00000000081a7120        0x0 /Developer/SDKs/qnx660/host/darwin/x86/usr/lib/gcc/i486-pc-nto-qnx6.6.0/4.7.3/crtbegin.o
 .tm_clone_table
                0x00000000081a7120        0x0 /Developer/SDKs/qnx660/host/darwin/x86/usr/lib/gcc/i486-pc-nto-qnx6.6.0/4.7.3/crtend.o

.data1
 *(.data1)

.got            0x00000000081a7120      0x1a8
 *(.got.plt)
 .got.plt       0x00000000081a7120      0x190 /Developer/SDKs/qnx660/target/qnx6/x86/lib/crt1.o
                0x00000000081a7120                _GLOBAL_OFFSET_TABLE_
 *(.igot.plt)
 .igot.plt      0x0000000000000000        0x0 /Developer/SDKs/qnx660/target/qnx6/x86/lib/crt1.o
 *(.got)
 .got           0x00000000081a72b0       0x18 /Developer/SDKs/qnx660/target/qnx6/x86/lib/crt1.o
 *(.igot)

.sdata
 *(.sdata .sdata.* .gnu.linkonce.s.*)
                0x00000000081a72c8                _edata = .
                0x00000000081a72c8                PROVIDE (edata, .)
                0x00000000081a72c8                . = .
                0x00000000081a72c8                __bss_start = .

.sbss
 *(.dynsbss)
 *(.sbss .sbss.* .gnu.linkonce.sb.*)
 *(.scommon)

.bss            0x00000000081a72e0    0x101e4
 *(.dynbss)
 .dynbss        0x00000000081a72e0       0xb0 /Developer/SDKs/qnx660/target/qnx6/x86/lib/crt1.o
                0x00000000081a72e0                _Stderr
                0x00000000081a7330                __stack_chk_guard
                0x00000000081a7340                _Stdout
 *(.bss .bss.* .gnu.linkonce.b.*)
 .bss           0x00000000081a7390        0x0 /Developer/SDKs/qnx660/target/qnx6/x86/lib/crt1.o
 .bss           0x00000000081a7390        0x0 /Developer/SDKs/qnx660/target/qnx6/x86/lib/crti.o
 .bss           0x00000000081a7390       0x20 /Developer/SDKs/qnx660/host/darwin/x86/usr/lib/gcc/i486-pc-nto-qnx6.6.0/4.7.3/crtbegin.o
 .bss           0x00000000081a73b0        0x0 convert.o
 .bss           0x00000000081a73b0        0x0 egl.o
 *fill*         0x00000000081a73b0       0x10 
 .bss           0x00000000081a73c0    0x10000 gldebug.o
 .bss           0x00000000081b73c0        0x0 gldraw.o
 .bss           0x00000000081b73c0       0x3c main.o
 .bss           0x00000000081b73fc       0x34 uyvy.o
 .bss           0x00000000081b7430        0x0 win.o
 .bss           0x00000000081b7430        0x0 yuvbuf.o
 .bss           0x00000000081b7430        0x0 /Developer/SDKs/qnx660/host/darwin/x86/usr/lib/gcc/i486-pc-nto-qnx6.6.0/4.7.3/crtend.o
 .bss           0x00000000081b7430        0x0 /Developer/SDKs/qnx660/target/qnx6/x86/lib/crtn.o
 *(COMMON)
 COMMON         0x00000000081b7430       0x14 gldebug.o
                0x00000000081b7430                width
                0x00000000081b7434                row_pointers
                0x00000000081b7438                color_type
                0x00000000081b7439                bit_depth
                0x00000000081b743c                height
                0x00000000081b7440                number_of_passes
 *fill*         0x00000000081b7444       0x1c 
 COMMON         0x00000000081b7460       0x64 main.o
                0x00000000081b7460                screen_ctx
                0x00000000081b7480                egl_ctx
                0x00000000081b74c4                . = ALIGN ((. != 0x0)?0x4:0x1)
                0x00000000081b74c4                . = ALIGN (0x4)
                0x00000000081b74c4                . = SEGMENT_START ("ldata-segment", .)
                0x00000000081b74c4                . = ALIGN (0x4)
                0x00000000081b74c4                _end = .
                0x00000000081b74c4                PROVIDE (end, .)
                0x00000000081b74c4                . = DATA_SEGMENT_END (.)

.stab
 *(.stab)

.stabstr
 *(.stabstr)

.stab.excl
 *(.stab.excl)

.stab.exclstr
 *(.stab.exclstr)

.stab.index
 *(.stab.index)

.stab.indexstr
 *(.stab.indexstr)

.comment        0x0000000000000000       0x11
 *(.comment)
 .comment       0x0000000000000000       0x11 /Developer/SDKs/qnx660/host/darwin/x86/usr/lib/gcc/i486-pc-nto-qnx6.6.0/4.7.3/crtbegin.o
                                         0x12 (size before relaxing)
 .comment       0x0000000000000000       0x12 convert.o
 .comment       0x0000000000000000       0x12 egl.o
 .comment       0x0000000000000000       0x12 gldebug.o
 .comment       0x0000000000000000       0x12 gldraw.o
 .comment       0x0000000000000000       0x12 main.o
 .comment       0x0000000000000000       0x12 uyvy.o
 .comment       0x0000000000000000       0x12 win.o
 .comment       0x0000000000000000       0x12 yuvbuf.o
 .comment       0x0000000000000000       0x12 /Developer/SDKs/qnx660/host/darwin/x86/usr/lib/gcc/i486-pc-nto-qnx6.6.0/4.7.3/crtend.o

.ident          0x0000000000000000     0x18a8
 .ident         0x0000000000000000      0x640 convert.o
                                        0x95b (size before relaxing)
 .ident         0x0000000000000640      0xe43 egl.o
                                       0x2118 (size before relaxing)
 .ident         0x0000000000001483      0x284 gldebug.o
                                       0x1092 (size before relaxing)
 .ident         0x0000000000000000      0x50e gldraw.o
 .ident         0x0000000000000000     0x1046 main.o
 .ident         0x0000000000000000     0x202e uyvy.o
 .ident         0x0000000000001707      0x10d win.o
                                       0x125c (size before relaxing)
 .ident         0x0000000000001814       0x94 yuvbuf.o
                                       0x1bef (size before relaxing)

.debug
 *(.debug)

.line
 *(.line)

.debug_srcinfo
 *(.debug_srcinfo)

.debug_sfnames
 *(.debug_sfnames)

.debug_aranges  0x0000000000000000      0x100
 *(.debug_aranges)
 .debug_aranges
                0x0000000000000000       0x20 convert.o
 .debug_aranges
                0x0000000000000020       0x20 egl.o
 .debug_aranges
                0x0000000000000040       0x20 gldebug.o
 .debug_aranges
                0x0000000000000060       0x20 gldraw.o
 .debug_aranges
                0x0000000000000080       0x20 main.o
 .debug_aranges
                0x00000000000000a0       0x20 uyvy.o
 .debug_aranges
                0x00000000000000c0       0x20 win.o
 .debug_aranges
                0x00000000000000e0       0x20 yuvbuf.o

.debug_pubnames
 *(.debug_pubnames)

.debug_info     0x0000000000000000     0x8bbf
 *(.debug_info .gnu.linkonce.wi.*)
 .debug_info    0x0000000000000000      0x5c0 convert.o
 .debug_info    0x00000000000005c0     0x1f88 egl.o
 .debug_info    0x0000000000002548     0x1aec gldebug.o
 .debug_info    0x0000000000004034      0x2c0 gldraw.o
 .debug_info    0x00000000000042f4      0x688 main.o
 .debug_info    0x000000000000497c     0x21b6 uyvy.o
 .debug_info    0x0000000000006b32      0xd03 win.o
 .debug_info    0x0000000000007835     0x138a yuvbuf.o

.debug_abbrev   0x0000000000000000      0xdc1
 *(.debug_abbrev)
 .debug_abbrev  0x0000000000000000       0xcd convert.o
 .debug_abbrev  0x00000000000000cd      0x2c7 egl.o
 .debug_abbrev  0x0000000000000394      0x1c7 gldebug.o
 .debug_abbrev  0x000000000000055b      0x11c gldraw.o
 .debug_abbrev  0x0000000000000677      0x143 main.o
 .debug_abbrev  0x00000000000007ba      0x25d uyvy.o
 .debug_abbrev  0x0000000000000a17      0x196 win.o
 .debug_abbrev  0x0000000000000bad      0x214 yuvbuf.o

.debug_line     0x0000000000000000     0x16c3
 *(.debug_line .debug_line.* .debug_line_end)
 .debug_line    0x0000000000000000      0x321 convert.o
 .debug_line    0x0000000000000321      0x3ce egl.o
 .debug_line    0x00000000000006ef      0x2bf gldebug.o
 .debug_line    0x00000000000009ae      0x185 gldraw.o
 .debug_line    0x0000000000000b33      0x28f main.o
 .debug_line    0x0000000000000dc2      0x368 uyvy.o
 .debug_line    0x000000000000112a      0x338 win.o
 .debug_line    0x0000000000001462      0x261 yuvbuf.o

.debug_frame
 *(.debug_frame)

.debug_str      0x0000000000000000     0x3607
 *(.debug_str)
 .debug_str     0x0000000000000000      0x1ad convert.o
                                        0x1e8 (size before relaxing)
 .debug_str     0x00000000000001ad     0x1a8e egl.o
                                       0x1c91 (size before relaxing)
 .debug_str     0x0000000000001c3b      0xdaa gldebug.o
                                       0x108e (size before relaxing)
 .debug_str     0x00000000000029e5       0xe1 gldraw.o
                                        0x19b (size before relaxing)
 .debug_str     0x0000000000002ac6       0xa3 main.o
                                        0x46a (size before relaxing)
 .debug_str     0x0000000000002b69      0x6a9 uyvy.o
                                       0x2282 (size before relaxing)
 .debug_str     0x0000000000003212      0x33e win.o
                                       0x170c (size before relaxing)
 .debug_str     0x0000000000003550       0xb7 yuvbuf.o
                                       0x1893 (size before relaxing)

.debug_loc      0x0000000000000000      0xb98
 *(.debug_loc)
 .debug_loc     0x0000000000000000      0x2d8 convert.o
 .debug_loc     0x00000000000002d8      0x2d8 egl.o
 .debug_loc     0x00000000000005b0       0xe0 gldebug.o
 .debug_loc     0x0000000000000690      0x150 gldraw.o
 .debug_loc     0x00000000000007e0       0x38 main.o
 .debug_loc     0x0000000000000818      0x150 uyvy.o
 .debug_loc     0x0000000000000968       0xe0 win.o
 .debug_loc     0x0000000000000a48      0x150 yuvbuf.o

.debug_macinfo
 *(.debug_macinfo)

.debug_weaknames
 *(.debug_weaknames)

.debug_funcnames
 *(.debug_funcnames)

.debug_typenames
 *(.debug_typenames)

.debug_varnames
 *(.debug_varnames)

.debug_pubtypes
 *(.debug_pubtypes)

.debug_ranges
 *(.debug_ranges)

.debug_macro
 *(.debug_macro)

.gnu.attributes
 *(.gnu.attributes)

/DISCARD/
 *(.note.GNU-stack)
 *(.gnu_debuglink)
 *(.gnu.lto_*)
OUTPUT(/Users/leoxu/qnx/gles-apps/khrblt/nto/x86/o/khrblt elf32-i386)
